[2025-08-08 10:29:08] local.ERROR: Unable to prepare route [product/{slug}/review] for serialization. Another route has already been assigned name [review.store]. {"exception":"[object] (LogicException(code: 0): Unable to prepare route [product/{slug}/review] for serialization. Another route has already been assigned name [review.store]. at /home/xyhk7jtfu88i/public_html/espee-eyewear.com/vendor/laravel/framework/src/Illuminate/Routing/AbstractRouteCollection.php:247)
[stacktrace]
#0 /home/xyhk7jtfu88i/public_html/espee-eyewear.com/vendor/laravel/framework/src/Illuminate/Routing/AbstractRouteCollection.php(208): Illuminate\\Routing\\AbstractRouteCollection->addToSymfonyRoutesCollection()
#1 /home/xyhk7jtfu88i/public_html/espee-eyewear.com/vendor/laravel/framework/src/Illuminate/Routing/RouteCollection.php(246): Illuminate\\Routing\\AbstractRouteCollection->toSymfonyRouteCollection()
#2 /home/xyhk7jtfu88i/public_html/espee-eyewear.com/vendor/laravel/framework/src/Illuminate/Routing/AbstractRouteCollection.php(192): Illuminate\\Routing\\RouteCollection->toSymfonyRouteCollection()
#3 /home/xyhk7jtfu88i/public_html/espee-eyewear.com/vendor/laravel/framework/src/Illuminate/Routing/AbstractRouteCollection.php(163): Illuminate\\Routing\\AbstractRouteCollection->dumper()
#4 /home/xyhk7jtfu88i/public_html/espee-eyewear.com/vendor/laravel/framework/src/Illuminate/Foundation/Console/RouteCacheCommand.php(109): Illuminate\\Routing\\AbstractRouteCollection->compile()
#5 /home/xyhk7jtfu88i/public_html/espee-eyewear.com/vendor/laravel/framework/src/Illuminate/Foundation/Console/RouteCacheCommand.php(68): Illuminate\\Foundation\\Console\\RouteCacheCommand->buildRouteCacheFile()
#6 /home/xyhk7jtfu88i/public_html/espee-eyewear.com/vendor/laravel/framework/src/Illuminate/Container/BoundMethod.php(36): Illuminate\\Foundation\\Console\\RouteCacheCommand->handle()
#7 /home/xyhk7jtfu88i/public_html/espee-eyewear.com/vendor/laravel/framework/src/Illuminate/Container/Util.php(41): Illuminate\\Container\\BoundMethod::Illuminate\\Container\\{closure}()
#8 /home/xyhk7jtfu88i/public_html/espee-eyewear.com/vendor/laravel/framework/src/Illuminate/Container/BoundMethod.php(93): Illuminate\\Container\\Util::unwrapIfClosure()
#9 /home/xyhk7jtfu88i/public_html/espee-eyewear.com/vendor/laravel/framework/src/Illuminate/Container/BoundMethod.php(35): Illuminate\\Container\\BoundMethod::callBoundMethod()
#10 /home/xyhk7jtfu88i/public_html/espee-eyewear.com/vendor/laravel/framework/src/Illuminate/Container/Container.php(661): Illuminate\\Container\\BoundMethod::call()
#11 /home/xyhk7jtfu88i/public_html/espee-eyewear.com/vendor/laravel/framework/src/Illuminate/Console/Command.php(194): Illuminate\\Container\\Container->call()
#12 /home/xyhk7jtfu88i/public_html/espee-eyewear.com/vendor/symfony/console/Command/Command.php(312): Illuminate\\Console\\Command->execute()
#13 /home/xyhk7jtfu88i/public_html/espee-eyewear.com/vendor/laravel/framework/src/Illuminate/Console/Command.php(163): Symfony\\Component\\Console\\Command\\Command->run()
#14 /home/xyhk7jtfu88i/public_html/espee-eyewear.com/vendor/laravel/framework/src/Illuminate/Console/Concerns/CallsCommands.php(67): Illuminate\\Console\\Command->run()
#15 /home/xyhk7jtfu88i/public_html/espee-eyewear.com/vendor/laravel/framework/src/Illuminate/Console/Concerns/CallsCommands.php(40): Illuminate\\Console\\Command->runCommand()
#16 /home/xyhk7jtfu88i/public_html/espee-eyewear.com/vendor/laravel/framework/src/Illuminate/Foundation/Console/OptimizeCommand.php(36): Illuminate\\Console\\Command->callSilent()
#17 /home/xyhk7jtfu88i/public_html/espee-eyewear.com/vendor/laravel/framework/src/Illuminate/Console/View/Components/Task.php(36): Illuminate\\Foundation\\Console\\OptimizeCommand->Illuminate\\Foundation\\Console\\{closure}()
#18 /home/xyhk7jtfu88i/public_html/espee-eyewear.com/vendor/laravel/framework/src/Illuminate/Console/View/Components/Factory.php(58): Illuminate\\Console\\View\\Components\\Task->render()
#19 /home/xyhk7jtfu88i/public_html/espee-eyewear.com/vendor/laravel/framework/src/Illuminate/Foundation/Console/OptimizeCommand.php(37): Illuminate\\Console\\View\\Components\\Factory->__call()
#20 /home/xyhk7jtfu88i/public_html/espee-eyewear.com/vendor/laravel/framework/src/Illuminate/Collections/Traits/EnumeratesValues.php(235): Illuminate\\Foundation\\Console\\OptimizeCommand->Illuminate\\Foundation\\Console\\{closure}()
#21 /home/xyhk7jtfu88i/public_html/espee-eyewear.com/vendor/laravel/framework/src/Illuminate/Foundation/Console/OptimizeCommand.php(37): Illuminate\\Support\\Collection->each()
#22 /home/xyhk7jtfu88i/public_html/espee-eyewear.com/vendor/laravel/framework/src/Illuminate/Container/BoundMethod.php(36): Illuminate\\Foundation\\Console\\OptimizeCommand->handle()
#23 /home/xyhk7jtfu88i/public_html/espee-eyewear.com/vendor/laravel/framework/src/Illuminate/Container/Util.php(41): Illuminate\\Container\\BoundMethod::Illuminate\\Container\\{closure}()
#24 /home/xyhk7jtfu88i/public_html/espee-eyewear.com/vendor/laravel/framework/src/Illuminate/Container/BoundMethod.php(93): Illuminate\\Container\\Util::unwrapIfClosure()
#25 /home/xyhk7jtfu88i/public_html/espee-eyewear.com/vendor/laravel/framework/src/Illuminate/Container/BoundMethod.php(35): Illuminate\\Container\\BoundMethod::callBoundMethod()
#26 /home/xyhk7jtfu88i/public_html/espee-eyewear.com/vendor/laravel/framework/src/Illuminate/Container/Container.php(661): Illuminate\\Container\\BoundMethod::call()
#27 /home/xyhk7jtfu88i/public_html/espee-eyewear.com/vendor/laravel/framework/src/Illuminate/Console/Command.php(194): Illuminate\\Container\\Container->call()
#28 /home/xyhk7jtfu88i/public_html/espee-eyewear.com/vendor/symfony/console/Command/Command.php(312): Illuminate\\Console\\Command->execute()
#29 /home/xyhk7jtfu88i/public_html/espee-eyewear.com/vendor/laravel/framework/src/Illuminate/Console/Command.php(163): Symfony\\Component\\Console\\Command\\Command->run()
#30 /home/xyhk7jtfu88i/public_html/espee-eyewear.com/vendor/symfony/console/Application.php(1022): Illuminate\\Console\\Command->run()
#31 /home/xyhk7jtfu88i/public_html/espee-eyewear.com/vendor/symfony/console/Application.php(314): Symfony\\Component\\Console\\Application->doRunCommand()
#32 /home/xyhk7jtfu88i/public_html/espee-eyewear.com/vendor/symfony/console/Application.php(168): Symfony\\Component\\Console\\Application->doRun()
#33 /home/xyhk7jtfu88i/public_html/espee-eyewear.com/vendor/laravel/framework/src/Illuminate/Console/Application.php(102): Symfony\\Component\\Console\\Application->run()
#34 /home/xyhk7jtfu88i/public_html/espee-eyewear.com/vendor/laravel/framework/src/Illuminate/Foundation/Console/Kernel.php(155): Illuminate\\Console\\Application->run()
#35 /home/xyhk7jtfu88i/public_html/espee-eyewear.com/artisan(35): Illuminate\\Foundation\\Console\\Kernel->handle()
#36 {main}
"} 
